// Jest Snapshot v1, https://goo.gl/fbAQLP

exports['register input elements matches the snapshot 1'] = `
<div
  className="MuiContainer-root makeStyles-container-2 MuiContainer-disableGutters MuiContainer-maxWidthLg"
>
  <div
    className="makeStyles-buttonsContainer-4"
  >
    <a
      className="makeStyles-link-8"
      href="/register"
      onClick={[Function]}
      onMouseEnter={[Function]}
    >
      <button
        className="MuiButtonBase-root MuiButton-root MuiButton-contained makeStyles-button-5 MuiButton-containedSecondary MuiButton-containedSizeLarge MuiButton-sizeLarge"
        disabled={false}
        onBlur={[Function]}
        onDragLeave={[Function]}
        onFocus={[Function]}
        onKeyDown={[Function]}
        onKeyUp={[Function]}
        onMouseDown={[Function]}
        onMouseLeave={[Function]}
        onMouseUp={[Function]}
        onTouchEnd={[Function]}
        onTouchMove={[Function]}
        onTouchStart={[Function]}
        tabIndex={0}
        type="button"
      >
        <span
          className="MuiButton-label"
        >
          Register
        </span>
      </button>
    </a>
    <a
      className="makeStyles-link-8"
      href="/login"
      onClick={[Function]}
      onMouseEnter={[Function]}
    >
      <button
        className="MuiButtonBase-root MuiButton-root MuiButton-contained makeStyles-button-5 MuiButton-containedSecondary MuiButton-containedSizeLarge MuiButton-sizeLarge"
        disabled={false}
        onBlur={[Function]}
        onDragLeave={[Function]}
        onFocus={[Function]}
        onKeyDown={[Function]}
        onKeyUp={[Function]}
        onMouseDown={[Function]}
        onMouseLeave={[Function]}
        onMouseUp={[Function]}
        onTouchEnd={[Function]}
        onTouchMove={[Function]}
        onTouchStart={[Function]}
        tabIndex={0}
        type="button"
      >
        <span
          className="MuiButton-label"
        >
          Login
        </span>
      </button>
    </a>
  </div>
  <div
    className="makeStyles-logoContainer-6"
  >
    <test-file-stub
      className="makeStyles-logo-7"
    />
  </div>
  <div
    className="MuiContainer-root makeStyles-innerContainer-3 MuiContainer-maxWidthSm"
  >
    <h1
      className="MuiTypography-root MuiTypography-h4 MuiTypography-gutterBottom"
    >
      Register to Slimy Tick
    </h1>
    <h2
      className="MuiTypography-root MuiTypography-h6 MuiTypography-gutterBottom"
    >
      To have your first productive day
    </h2>
    <form
      onSubmit={[Function]}
    >
      <h6
        className="MuiTypography-root makeStyles-error-11 makeStyles-error-20 MuiTypography-subtitle1 MuiTypography-colorError MuiTypography-displayBlock"
      />
      <div
        className="MuiFormControl-root MuiTextField-root MuiFormControl-marginDense MuiFormControl-fullWidth"
      >
        <label
          className="MuiFormLabel-root MuiInputLabel-root MuiInputLabel-formControl MuiInputLabel-animated MuiInputLabel-marginDense MuiInputLabel-outlined"
          data-shrink={false}
          htmlFor="email-input"
          id="email-input-label"
        >
          Email
        </label>
        <div
          className="MuiInputBase-root MuiOutlinedInput-root MuiInputBase-fullWidth MuiInputBase-formControl MuiInputBase-marginDense MuiOutlinedInput-marginDense"
          onClick={[Function]}
        >
          <input
            aria-invalid={false}
            aria-label="email"
            autoFocus={false}
            className="MuiInputBase-input MuiOutlinedInput-input MuiInputBase-inputMarginDense MuiOutlinedInput-inputMarginDense"
            disabled={false}
            id="email-input"
            name="email"
            onAnimationStart={[Function]}
            onBlur={[Function]}
            onChange={[Function]}
            onFocus={[Function]}
            required={false}
            type="text"
            value=""
          />
          <fieldset
            aria-hidden={true}
            className="PrivateNotchedOutline-root-13 MuiOutlinedInput-notchedOutline"
          >
            <legend
              className="PrivateNotchedOutline-legendLabelled-15"
            >
              <span>
                Email
              </span>
            </legend>
          </fieldset>
        </div>
      </div>
      <h6
        className="MuiTypography-root makeStyles-error-11 makeStyles-error-21 MuiTypography-subtitle1 MuiTypography-colorError MuiTypography-displayBlock"
      />
      <div
        className="MuiFormControl-root MuiTextField-root MuiFormControl-marginDense MuiFormControl-fullWidth"
      >
        <label
          className="MuiFormLabel-root MuiInputLabel-root MuiInputLabel-formControl MuiInputLabel-animated MuiInputLabel-marginDense MuiInputLabel-outlined"
          data-shrink={false}
          htmlFor="password-input"
          id="password-input-label"
        >
          Password
        </label>
        <div
          className="MuiInputBase-root MuiOutlinedInput-root MuiInputBase-fullWidth MuiInputBase-formControl MuiInputBase-marginDense MuiOutlinedInput-marginDense"
          onClick={[Function]}
        >
          <input
            aria-invalid={false}
            aria-label="password"
            autoFocus={false}
            className="MuiInputBase-input MuiOutlinedInput-input MuiInputBase-inputMarginDense MuiOutlinedInput-inputMarginDense"
            disabled={false}
            id="password-input"
            name="password"
            onAnimationStart={[Function]}
            onBlur={[Function]}
            onChange={[Function]}
            onFocus={[Function]}
            required={false}
            type="password"
            value=""
          />
          <fieldset
            aria-hidden={true}
            className="PrivateNotchedOutline-root-13 MuiOutlinedInput-notchedOutline"
          >
            <legend
              className="PrivateNotchedOutline-legendLabelled-15"
            >
              <span>
                Password
              </span>
            </legend>
          </fieldset>
        </div>
      </div>
      <h6
        className="MuiTypography-root makeStyles-error-11 makeStyles-error-22 MuiTypography-subtitle1 MuiTypography-colorError MuiTypography-displayBlock"
      />
      <div
        className="MuiFormControl-root MuiTextField-root MuiFormControl-marginDense MuiFormControl-fullWidth"
      >
        <label
          className="MuiFormLabel-root MuiInputLabel-root MuiInputLabel-formControl MuiInputLabel-animated MuiInputLabel-marginDense MuiInputLabel-outlined"
          data-shrink={false}
          htmlFor="confirm-password-input"
          id="confirm-password-input-label"
        >
          Confirm password
        </label>
        <div
          className="MuiInputBase-root MuiOutlinedInput-root MuiInputBase-fullWidth MuiInputBase-formControl MuiInputBase-marginDense MuiOutlinedInput-marginDense"
          onClick={[Function]}
        >
          <input
            aria-invalid={false}
            aria-label="confirm password"
            autoFocus={false}
            className="MuiInputBase-input MuiOutlinedInput-input MuiInputBase-inputMarginDense MuiOutlinedInput-inputMarginDense"
            disabled={false}
            id="confirm-password-input"
            name="confirmPassword"
            onAnimationStart={[Function]}
            onBlur={[Function]}
            onChange={[Function]}
            onFocus={[Function]}
            required={false}
            type="password"
            value=""
          />
          <fieldset
            aria-hidden={true}
            className="PrivateNotchedOutline-root-13 MuiOutlinedInput-notchedOutline"
          >
            <legend
              className="PrivateNotchedOutline-legendLabelled-15"
            >
              <span>
                Confirm password
              </span>
            </legend>
          </fieldset>
        </div>
      </div>
      <h6
        className="MuiTypography-root makeStyles-error-11 makeStyles-error-23 MuiTypography-subtitle1 MuiTypography-colorError MuiTypography-displayBlock"
      />
      <button
        className="MuiButtonBase-root MuiButton-root MuiButton-outlined makeStyles-button-1 MuiButton-outlinedPrimary MuiButton-outlinedSizeLarge MuiButton-sizeLarge"
        data-testid="register-button"
        disabled={false}
        onBlur={[Function]}
        onDragLeave={[Function]}
        onFocus={[Function]}
        onKeyDown={[Function]}
        onKeyUp={[Function]}
        onMouseDown={[Function]}
        onMouseLeave={[Function]}
        onMouseUp={[Function]}
        onTouchEnd={[Function]}
        onTouchMove={[Function]}
        onTouchStart={[Function]}
        tabIndex={0}
        type="submit"
      >
        <span
          className="MuiButton-label"
        >
          Register
        </span>
      </button>
    </form>
  </div>
</div>
`;
